###############################################################################
#
# IAR ELF Linker V2.20.1.176 for STM8                     11/Sep/2018  21:50:13
# Copyright 2010-2015 IAR Systems AB.
#
#    Output file  =  C:\developmengIDE\monitorProject\IAR\Debug\Exe\test.out
#    Map file     =  C:\developmengIDE\monitorProject\IAR\Debug\List\test.map
#    Command line =  
#        C:\developmengIDE\monitorProject\IAR\Debug\Obj\main.o
#        C:\developmengIDE\monitorProject\IAR\Debug\Obj\stm8s_it.o --redirect
#        _Printf=_PrintfFullNoMb --redirect _Scanf=_ScanfFullNoMb -o
#        C:\developmengIDE\monitorProject\IAR\Debug\Exe\test.out --map
#        C:\developmengIDE\monitorProject\IAR\Debug\List\test.map --config
#        "C:\Program Files (x86)\IAR Systems\Embedded Workbench
#        7.3\stm8\config\lnkstm8s903k3.icf" --config_def _CSTACK_SIZE=0x100
#        --config_def _HEAP_SIZE=0x100 --entry __iar_program_start --debug_lib
#
###############################################################################

*******************************************************************************
*** MESSAGES
***

Error[Li005]: no definition for "printk" [referenced from
          C:\developmengIDE\monitorProject\IAR\Debug\Obj\main.o]


*******************************************************************************
*** RUNTIME MODEL ATTRIBUTES
***

__SystemLibrary            = DLib
__code_model               = small
__core                     = stm8
__data_model               = medium
__dlib_file_descriptor     = 0
__dlib_full_locale_support = 0
__rt_version               = 4


*******************************************************************************
*** PLACEMENT SUMMARY
***

"A1":  place at start of [0x000000-0x0000ff] { rw section .vregs };
"A2":  place at end of [0x000000-0x0003ff] { block CSTACK };
"A3":  place at start of [0x008000-0x009fff] { block INTVEC };
"P3":  place in [from 0x008000 to 0x009fff] {
          ro section __DLIB_PERTHREAD_init, ro section .far.data_init,
          ro section .far_func.textrw_init, ro section .huge.data_init,
          ro section .huge_func.textrw_init, ro section .iar.init_table,
          ro section .init_array, ro section .near.data_init,
          ro section .near.rodata, ro section .near_func.text,
          ro section .near_func.textrw_init, ro section .tiny.data_init,
          ro section .tiny.rodata_init };

  Section          Kind      Address   Size  Object
  -------          ----      -------   ----  ------
"A1":                                   0xc
  .vregs           uninit   0x000000    0xc  vregs.o [4]
                          - 0x00000c    0xc

"A2":                                 0x100
  CSTACK                    0x000300  0x100  <Block>
    CSTACK         uninit   0x000300  0x100  <Block tail>
                          - 0x000400  0x100

"A3":                                  0x80
  INTVEC                    0x008000   0x80  <Block>
    .intvec        const    0x008000   0x80  interrupt.o [4]
                          - 0x008080   0x80

"P3":                                  0x9c
  .near_func.text  ro code  0x008080   0x19  main.o [1]
  .near_func.text  ro code  0x008099   0x18  vreg_util.o [4]
  .near_func.text  ro code  0x0080b1   0x17  init.o [4]
  .near_func.text  ro code  0x0080c8   0x14  __dbg_xxexit.o [3]
  .near_func.text  ro code  0x0080dc   0x13  cstartup.o [4]
  .near.rodata     const    0x0080ef    0x6  main.o [1]
  .near_func.text  ro code  0x0080f5    0x5  cexit.o [4]
  .near_func.text  ro code  0x0080fa    0x3  interrupt.o [4]
  .near_func.text  ro code  0x0080fd    0x3  low_level_init.o [4]
  .near_func.text  ro code  0x008100    0x3  exit.o [4]
  .near_func.text  ro code  0x008103    0x3  unhandled_exception.o [4]
  .near_func.text  ro code  0x008106    0x1  stm8s_it.o [1]
  .near_func.text  ro code  0x008107    0x1  stm8s_it.o [1]
  .near_func.text  ro code  0x008108    0x1  stm8s_it.o [1]
  .near_func.text  ro code  0x008109    0x1  stm8s_it.o [1]
  .near_func.text  ro code  0x00810a    0x1  stm8s_it.o [1]
  .near_func.text  ro code  0x00810b    0x1  stm8s_it.o [1]
  .near_func.text  ro code  0x00810c    0x1  stm8s_it.o [1]
  .near_func.text  ro code  0x00810d    0x1  stm8s_it.o [1]
  .near_func.text  ro code  0x00810e    0x1  stm8s_it.o [1]
  .near_func.text  ro code  0x00810f    0x1  stm8s_it.o [1]
  .near_func.text  ro code  0x008110    0x1  stm8s_it.o [1]
  .near_func.text  ro code  0x008111    0x1  stm8s_it.o [1]
  .near_func.text  ro code  0x008112    0x1  stm8s_it.o [1]
  .near_func.text  ro code  0x008113    0x1  stm8s_it.o [1]
  .near_func.text  ro code  0x008114    0x1  stm8s_it.o [1]
  .near_func.text  ro code  0x008115    0x1  stm8s_it.o [1]
  .near_func.text  ro code  0x008116    0x1  stm8s_it.o [1]
  .near_func.text  ro code  0x008117    0x1  stm8s_it.o [1]
  .near_func.text  ro code  0x008118    0x1  stm8s_it.o [1]
  .near_func.text  ro code  0x008119    0x1  stm8s_it.o [1]
  .near_func.text  ro code  0x00811a    0x1  stm8s_it.o [1]
  .near_func.text  ro code  0x00811b    0x1  __dbg_break.o [3]
                          - 0x00811c   0x9c



*******************************************************************************
*** MODULE SUMMARY
***

    Module                 ro code  ro data  rw data
    ------                 -------  -------  -------
C:\developmengIDE\monitorProject\IAR\Debug\Obj: [1]
    main.o                      25        6
    stm8s_it.o                  21
    ------------------------------------------------
    Total:                      46        6

command line: [2]
    ------------------------------------------------
    Total:

dbgstm8smd.a: [3]
    __dbg_break.o                1
    __dbg_xxexit.o              20
    ------------------------------------------------
    Total:                      21

dlstm8smn.a: [4]
    cexit.o                      5
    cstartup.o                  19
    exit.o                       3
    init.o                      23
    interrupt.o                  3      128
    low_level_init.o             3
    unhandled_exception.o        3
    vreg_util.o                 24
    vregs.o                                       12
    ------------------------------------------------
    Total:                      83      128       12

    Linker created                               256
----------------------------------------------------
    Grand Total:               150      134      268


*******************************************************************************
*** ENTRY LIST
***

Entry                     Address  Size  Type      Object
-----                     -------  ----  ----      ------
?b0                      0x000000        Data  Gb  vregs.o [4]
?b1                      0x000001        Data  Gb  vregs.o [4]
?b10                     0x00000a        Data  Gb  vregs.o [4]
?b11                     0x00000b        Data  Gb  vregs.o [4]
?b2                      0x000002        Data  Gb  vregs.o [4]
?b3                      0x000003        Data  Gb  vregs.o [4]
?b4                      0x000004        Data  Gb  vregs.o [4]
?b5                      0x000005        Data  Gb  vregs.o [4]
?b6                      0x000006        Data  Gb  vregs.o [4]
?b7                      0x000007        Data  Gb  vregs.o [4]
?b8                      0x000008        Data  Gb  vregs.o [4]
?b9                      0x000009        Data  Gb  vregs.o [4]
?e0                      0x000001        Data  Gb  vregs.o [4]
?e1                      0x000005        Data  Gb  vregs.o [4]
?e2                      0x000009        Data  Gb  vregs.o [4]
?l0                      0x000000        Data  Gb  vregs.o [4]
?l1                      0x000004        Data  Gb  vregs.o [4]
?l2                      0x000008        Data  Gb  vregs.o [4]
?push_w4                 0x008099        Code  Gb  vreg_util.o [4]
?w0                      0x000000        Data  Gb  vregs.o [4]
?w1                      0x000002        Data  Gb  vregs.o [4]
?w2                      0x000004        Data  Gb  vregs.o [4]
?w3                      0x000006        Data  Gb  vregs.o [4]
?w4                      0x000008        Data  Gb  vregs.o [4]
?w5                      0x00000a        Data  Gb  vregs.o [4]
ADC1_IRQHandler          0x008118   0x1  Code  Gb  stm8s_it.o [1]
AWU_IRQHandler           0x008108   0x1  Code  Gb  stm8s_it.o [1]
CLK_IRQHandler           0x008109   0x1  Code  Gb  stm8s_it.o [1]
CSTACK$$Base             0x000300         --   Gb  - Linker created -
CSTACK$$Limit            0x000400         --   Gb  - Linker created -
EEPROM_EEC_IRQHandler    0x00811a   0x1  Code  Gb  stm8s_it.o [1]
EXTI_PORTA_IRQHandler    0x00810a   0x1  Code  Gb  stm8s_it.o [1]
EXTI_PORTB_IRQHandler    0x00810b   0x1  Code  Gb  stm8s_it.o [1]
EXTI_PORTC_IRQHandler    0x00810c   0x1  Code  Gb  stm8s_it.o [1]
EXTI_PORTD_IRQHandler    0x00810d   0x1  Code  Gb  stm8s_it.o [1]
EXTI_PORTE_IRQHandler    0x00810e   0x1  Code  Gb  stm8s_it.o [1]
EXTI_PORTF_IRQHandler    0x00810f   0x1  Code  Gb  stm8s_it.o [1]
I2C_IRQHandler           0x008117   0x1  Code  Gb  stm8s_it.o [1]
INTVEC$$Base             0x008000         --   Gb  - Linker created -
INTVEC$$Limit            0x008080         --   Gb  - Linker created -
Region$$Table$$Base    0x00000000         --   Gb  - Linker created -
Region$$Table$$Limit   0x00000000         --   Gb  - Linker created -
SPI_IRQHandler           0x008110   0x1  Code  Gb  stm8s_it.o [1]
TIM1_CAP_COM_IRQHandler
                         0x008112   0x1  Code  Gb  stm8s_it.o [1]
TIM1_UPD_OVF_TRG_BRK_IRQHandler
                         0x008111   0x1  Code  Gb  stm8s_it.o [1]
TIM5_CAP_COM_IRQHandler
                         0x008114   0x1  Code  Gb  stm8s_it.o [1]
TIM5_UPD_OVF_BRK_TRG_IRQHandler
                         0x008113   0x1  Code  Gb  stm8s_it.o [1]
TIM6_UPD_OVF_TRG_IRQHandler
                         0x008119   0x1  Code  Gb  stm8s_it.o [1]
TLI_IRQHandler           0x008107   0x1  Code  Gb  stm8s_it.o [1]
TRAP_IRQHandler          0x008106   0x1  Code  Gb  stm8s_it.o [1]
UART1_RX_IRQHandler      0x008116   0x1  Code  Gb  stm8s_it.o [1]
UART1_TX_IRQHandler      0x008115   0x1  Code  Gb  stm8s_it.o [1]
__DebugBreak             0x00811b   0x1  Code  Gb  __dbg_break.o [3]
__exit                   0x0080c8  0x14  Code  Gb  __dbg_xxexit.o [3]
__iar_data_init2         0x0080b1  0x17  Code  Gb  init.o [4]
__iar_program_start      0x0080dc        Code  Gb  cstartup.o [4]
__iar_unhandled_exception
                         0x008103        Code  Gb  unhandled_exception.o [4]
__intvec                 0x008000        Data  Gb  interrupt.o [4]
__low_level_init         0x0080fd   0x3  Code  Gb  low_level_init.o [4]
_exit                    0x0080f5        Code  Gb  cexit.o [4]
_interrupt_1             0x008106        Code  Gb  stm8s_it.o [1]
_interrupt_10            0x00810f        Code  Gb  stm8s_it.o [1]
_interrupt_12            0x008110        Code  Gb  stm8s_it.o [1]
_interrupt_13            0x008111        Code  Gb  stm8s_it.o [1]
_interrupt_14            0x008112        Code  Gb  stm8s_it.o [1]
_interrupt_15            0x008113        Code  Gb  stm8s_it.o [1]
_interrupt_16            0x008114        Code  Gb  stm8s_it.o [1]
_interrupt_19            0x008115        Code  Gb  stm8s_it.o [1]
_interrupt_2             0x008107        Code  Gb  stm8s_it.o [1]
_interrupt_20            0x008116        Code  Gb  stm8s_it.o [1]
_interrupt_21            0x008117        Code  Gb  stm8s_it.o [1]
_interrupt_24            0x008118        Code  Gb  stm8s_it.o [1]
_interrupt_25            0x008119        Code  Gb  stm8s_it.o [1]
_interrupt_26            0x00811a        Code  Gb  stm8s_it.o [1]
_interrupt_3             0x008108        Code  Gb  stm8s_it.o [1]
_interrupt_4             0x008109        Code  Gb  stm8s_it.o [1]
_interrupt_5             0x00810a        Code  Gb  stm8s_it.o [1]
_interrupt_6             0x00810b        Code  Gb  stm8s_it.o [1]
_interrupt_7             0x00810c        Code  Gb  stm8s_it.o [1]
_interrupt_8             0x00810d        Code  Gb  stm8s_it.o [1]
_interrupt_9             0x00810e        Code  Gb  stm8s_it.o [1]
exit                     0x008100   0x3  Code  Gb  exit.o [4]
main                     0x008080  0x19  Code  Gb  main.o [1]


[1] = C:\developmengIDE\monitorProject\IAR\Debug\Obj
[2] = command line
[3] = dbgstm8smd.a
[4] = dlstm8smn.a

  150 bytes of readonly  code memory
  134 bytes of readonly  data memory
  268 bytes of readwrite data memory

Errors: 1
Warnings: none
